e:\projects\enc\navscene-sdk\build-gdal-verify\demo\qt\cmakefiles\generate.stamp
e:\projects\enc\navscene-sdk\build-gdal-verify\demo\qt\debug\navscene-demo-qt.exe
e:\projects\enc\navscene-sdk\build-gdal-verify\demo\qt\debug\navscene-demo-qt.pdb
e:\projects\enc\navscene-sdk\build-gdal-verify\demo\qt\navscene-demo-qt.dir\debug\.d.json
e:\projects\enc\navscene-sdk\build-gdal-verify\demo\qt\navscene-demo-qt.dir\debug\render_widget.obj
e:\projects\enc\navscene-sdk\build-gdal-verify\demo\qt\navscene-demo-qt.dir\debug\main.obj
e:\projects\enc\navscene-sdk\build-gdal-verify\demo\qt\navscene-demo-qt.dir\debug\main_window.obj
e:\projects\enc\navscene-sdk\build-gdal-verify\demo\qt\navscene-demo-qt.dir\debug\render_widget.cpp.module.json
e:\projects\enc\navscene-sdk\build-gdal-verify\demo\qt\navscene-demo-qt.dir\debug\main.cpp.module.json
e:\projects\enc\navscene-sdk\build-gdal-verify\demo\qt\navscene-demo-qt.dir\debug\main_window.cpp.module.json
e:\projects\enc\navscene-sdk\build-gdal-verify\demo\qt\navscene-demo-qt.dir\debug\navscene-demo-qt.ilk
e:\projects\enc\navscene-sdk\build-gdal-verify\demo\qt\navscene-demo-qt.dir\debug\vc143.pdb
e:\projects\enc\navscene-sdk\build-gdal-verify\demo\qt\navscene-demo-qt.dir\debug\navscene-demo-qt.tlog\cl.command.1.tlog
e:\projects\enc\navscene-sdk\build-gdal-verify\demo\qt\navscene-demo-qt.dir\debug\navscene-demo-qt.tlog\cl.items.tlog
e:\projects\enc\navscene-sdk\build-gdal-verify\demo\qt\navscene-demo-qt.dir\debug\navscene-demo-qt.tlog\custombuild.command.1.tlog
e:\projects\enc\navscene-sdk\build-gdal-verify\demo\qt\navscene-demo-qt.dir\debug\navscene-demo-qt.tlog\custombuild.read.1.tlog
e:\projects\enc\navscene-sdk\build-gdal-verify\demo\qt\navscene-demo-qt.dir\debug\navscene-demo-qt.tlog\custombuild.write.1.tlog
e:\projects\enc\navscene-sdk\build-gdal-verify\demo\qt\navscene-demo-qt.dir\debug\navscene-demo-qt.tlog\link.command.1.tlog
e:\projects\enc\navscene-sdk\build-gdal-verify\demo\qt\navscene-demo-qt.dir\debug\navscene-demo-qt.tlog\link.read.1.tlog
e:\projects\enc\navscene-sdk\build-gdal-verify\demo\qt\navscene-demo-qt.dir\debug\navscene-demo-qt.tlog\link.secondary.1.tlog
e:\projects\enc\navscene-sdk\build-gdal-verify\demo\qt\navscene-demo-qt.dir\debug\navscene-demo-qt.tlog\link.write.1.tlog
e:\projects\enc\navscene-sdk\build-gdal-verify\demo\qt\navscene-demo-qt.dir\debug\navscene-demo-qt.tlog\microsoft.build.cpptasks.cl.read.1.tlog
e:\projects\enc\navscene-sdk\build-gdal-verify\demo\qt\navscene-demo-qt.dir\debug\navscene-demo-qt.tlog\microsoft.build.cpptasks.cl.write.1.tlog
e:\projects\enc\navscene-sdk\build-gdal-verify\demo\qt\navscene-demo-qt.dir\debug\navscene-demo-qt_md.tlog\cl.command.1.tlog
e:\projects\enc\navscene-sdk\build-gdal-verify\demo\qt\navscene-demo-qt.dir\debug\navscene-demo-qt_md.tlog\microsoft.build.cpptasks.cl.read.1.tlog
e:\projects\enc\navscene-sdk\build-gdal-verify\demo\qt\navscene-demo-qt.dir\debug\navscene-demo-qt_md.tlog\microsoft.build.cpptasks.cl.write.1.tlog
