e:\projects\enc\navscene-sdk\build-gdal-verify\src\cmakefiles\generate.stamp
e:\projects\enc\navscene-sdk\build-gdal-verify\src\debug\navscene.lib
e:\projects\enc\navscene-sdk\build-gdal-verify\src\navscene.dir\debug\.d.json
e:\projects\enc\navscene-sdk\build-gdal-verify\src\navscene.dir\debug\logging.obj
e:\projects\enc\navscene-sdk\build-gdal-verify\src\navscene.dir\debug\gdal_reader.obj
e:\projects\enc\navscene-sdk\build-gdal-verify\src\navscene.dir\debug\scene_signature.obj
e:\projects\enc\navscene-sdk\build-gdal-verify\src\navscene.dir\debug\polygon_triangulation.obj
e:\projects\enc\navscene-sdk\build-gdal-verify\src\navscene.dir\debug\null_reader.obj
e:\projects\enc\navscene-sdk\build-gdal-verify\src\navscene.dir\debug\reader.obj
e:\projects\enc\navscene-sdk\build-gdal-verify\src\navscene.dir\debug\chart_selection.obj
e:\projects\enc\navscene-sdk\build-gdal-verify\src\navscene.dir\debug\discovery.obj
e:\projects\enc\navscene-sdk\build-gdal-verify\src\navscene.dir\debug\object_class_catalog.obj
e:\projects\enc\navscene-sdk\build-gdal-verify\src\navscene.dir\debug\chart_scene_builder.obj
e:\projects\enc\navscene-sdk\build-gdal-verify\src\navscene.dir\debug\portrayal\engine.cpp.obj
e:\projects\enc\navscene-sdk\build-gdal-verify\src\navscene.dir\debug\core\engine.cpp.obj
e:\projects\enc\navscene-sdk\build-gdal-verify\src\navscene.dir\debug\label_layout.obj
e:\projects\enc\navscene-sdk\build-gdal-verify\src\navscene.dir\debug\software_raster.obj
e:\projects\enc\navscene-sdk\build-gdal-verify\src\navscene.dir\debug\scene_svg_export.obj
e:\projects\enc\navscene-sdk\build-gdal-verify\src\navscene.dir\debug\win32_gdi_presenter.obj
e:\projects\enc\navscene-sdk\build-gdal-verify\src\navscene.dir\debug\portrayal.obj
e:\projects\enc\navscene-sdk\build-gdal-verify\src\navscene.dir\debug\backend.obj
e:\projects\enc\navscene-sdk\build-gdal-verify\src\navscene.dir\debug\projected_chart_scene.obj
e:\projects\enc\navscene-sdk\build-gdal-verify\src\navscene.dir\debug\catalog.obj
e:\projects\enc\navscene-sdk\build-gdal-verify\src\navscene.dir\debug\profile.obj
e:\projects\enc\navscene-sdk\build-gdal-verify\src\navscene.dir\debug\vulkan_backend.obj
e:\projects\enc\navscene-sdk\build-gdal-verify\src\navscene.dir\debug\logging.cpp.module.json
e:\projects\enc\navscene-sdk\build-gdal-verify\src\navscene.dir\debug\polygon_triangulation.cpp.module.json
e:\projects\enc\navscene-sdk\build-gdal-verify\src\navscene.dir\debug\null_reader.cpp.module.json
e:\projects\enc\navscene-sdk\build-gdal-verify\src\navscene.dir\debug\discovery.cpp.module.json
e:\projects\enc\navscene-sdk\build-gdal-verify\src\navscene.dir\debug\scene_signature.cpp.module.json
e:\projects\enc\navscene-sdk\build-gdal-verify\src\navscene.dir\debug\reader.cpp.module.json
e:\projects\enc\navscene-sdk\build-gdal-verify\src\navscene.dir\debug\gdal_reader.cpp.module.json
e:\projects\enc\navscene-sdk\build-gdal-verify\src\navscene.dir\debug\object_class_catalog.cpp.module.json
e:\projects\enc\navscene-sdk\build-gdal-verify\src\navscene.dir\debug\chart_selection.cpp.module.json
e:\projects\enc\navscene-sdk\build-gdal-verify\src\navscene.dir\debug\chart_scene_builder.cpp.module.json
e:\projects\enc\navscene-sdk\build-gdal-verify\src\navscene.dir\debug\scene_svg_export.cpp.module.json
e:\projects\enc\navscene-sdk\build-gdal-verify\src\navscene.dir\debug\catalog.cpp.module.json
e:\projects\enc\navscene-sdk\build-gdal-verify\src\navscene.dir\debug\win32_gdi_presenter.cpp.module.json
e:\projects\enc\navscene-sdk\build-gdal-verify\src\navscene.dir\debug\portrayal.cpp.module.json
e:\projects\enc\navscene-sdk\build-gdal-verify\src\navscene.dir\debug\backend.cpp.module.json
e:\projects\enc\navscene-sdk\build-gdal-verify\src\navscene.dir\debug\engine.cpp.module.json
e:\projects\enc\navscene-sdk\build-gdal-verify\src\navscene.dir\debug\software_raster.cpp.module.json
e:\projects\enc\navscene-sdk\build-gdal-verify\src\navscene.dir\debug\projected_chart_scene.cpp.module.json
e:\projects\enc\navscene-sdk\build-gdal-verify\src\navscene.dir\debug\label_layout.cpp.module.json
e:\projects\enc\navscene-sdk\build-gdal-verify\src\navscene.dir\debug\profile.cpp.module.json
e:\projects\enc\navscene-sdk\build-gdal-verify\src\navscene.dir\debug\vulkan_backend.cpp.module.json
e:\projects\enc\navscene-sdk\build-gdal-verify\src\navscene.dir\debug\engine.obj
e:\projects\enc\navscene-sdk\build-gdal-verify\src\debug\navscene.pdb
e:\projects\enc\navscene-sdk\build-gdal-verify\src\navscene.dir\debug\navscene.tlog\cl.command.1.tlog
e:\projects\enc\navscene-sdk\build-gdal-verify\src\navscene.dir\debug\navscene.tlog\cl.items.tlog
e:\projects\enc\navscene-sdk\build-gdal-verify\src\navscene.dir\debug\navscene.tlog\custombuild.command.1.tlog
e:\projects\enc\navscene-sdk\build-gdal-verify\src\navscene.dir\debug\navscene.tlog\custombuild.read.1.tlog
e:\projects\enc\navscene-sdk\build-gdal-verify\src\navscene.dir\debug\navscene.tlog\custombuild.write.1.tlog
e:\projects\enc\navscene-sdk\build-gdal-verify\src\navscene.dir\debug\navscene.tlog\lib-link.read.1.tlog
e:\projects\enc\navscene-sdk\build-gdal-verify\src\navscene.dir\debug\navscene.tlog\lib-link.write.1.tlog
e:\projects\enc\navscene-sdk\build-gdal-verify\src\navscene.dir\debug\navscene.tlog\lib.command.1.tlog
e:\projects\enc\navscene-sdk\build-gdal-verify\src\navscene.dir\debug\navscene.tlog\microsoft.build.cpptasks.cl.read.1.tlog
e:\projects\enc\navscene-sdk\build-gdal-verify\src\navscene.dir\debug\navscene.tlog\microsoft.build.cpptasks.cl.write.1.tlog
e:\projects\enc\navscene-sdk\build-gdal-verify\src\navscene.dir\debug\navscene_md.tlog\cl.command.1.tlog
e:\projects\enc\navscene-sdk\build-gdal-verify\src\navscene.dir\debug\navscene_md.tlog\microsoft.build.cpptasks.cl.read.1.tlog
e:\projects\enc\navscene-sdk\build-gdal-verify\src\navscene.dir\debug\navscene_md.tlog\microsoft.build.cpptasks.cl.write.1.tlog
